
> front-end-gestion-curricular@0.0.0 test
> ng test --include=**/modulo-estadistico.component.spec.ts --include=**/estadisticas.service.spec.ts --include=**/preinscribir-estudiantes.component.spec.ts --include=**/gestionar-cursos.component.spec.ts --watch=false

node.exe : - Generating browser application bundles (phase: setup)...
En línea: 1 Carácter: 1
+ & "C:\Program Files\nodejs/node.exe" "C:\Program Files\nodejs/node_mo ...
+ ~~~~~~~~~~~~~~~~~~~~~~~~~~~~~~~~~~~~~~~~~~~~~~~~~~~~~~~~~~~~~~~~~~~~~
    + CategoryInfo          : NotSpecified: (- Generating br...hase: setup)... 
   :String) [], RemoteException
    + FullyQualifiedErrorId : NativeCommandError
 
Ô£ö Browser application bundle generation complete.
[1m[31m
Error: [96msrc/app/pages/funcionario/cursos-intersemestrales/gestionar-cursos/
gestionar-cursos.component.spec.ts[0m:[93m41[0m:[93m22[0m - 
[91merror[0m[90m TS2551: [0mProperty 'getDocentes' does not exist on type 
'SpyObj<CursosIntersemestralesService>'. Did you mean 'getDocumentos'?

[7m41[0m     cursosServiceSpy.getDocentes.and.returnValue(of([]));
[7m  [0m [91m                     ~~~~~~~~~~~[0m

  [96msrc/app/core/services/cursos-intersemestrales.service.ts[0m:[93m1245[
0m:[93m3[0m
    [7m1245[0m   getDocumentos(solicitudId: number): Observable<any[]> {
    [7m    [0m [96m  ~~~~~~~~~~~~~[0m
    'getDocumentos' is declared here.


Error: [96msrc/app/pages/funcionario/cursos-intersemestrales/gestionar-cursos/
gestionar-cursos.component.spec.ts[0m:[93m42[0m:[93m23[0m - 
[91merror[0m[90m TS2339: [0mProperty 'getEstados' does not exist on type 
'SpyObj<CursoEstadosService>'.

[7m42[0m     estadosServiceSpy.getEstados.and.returnValue(of([]));
[7m  [0m [91m                      ~~~~~~~~~~[0m


[39m[22m
[32m04 11 2025 10:10:56.095:INFO [karma-server]: [39mKarma v6.4.4 server started at http://localhost:9876/
[32m04 11 2025 10:10:56.096:INFO [launcher]: [39mLaunching browsers Chrome with concurrency unlimited
[91m04 11 2025 10:10:56.097:ERROR [karma-server]: [39mError: Found 1 load error
    at Server.<anonymous> (D:\Cursos\Trabajo de grado\Front-end-gestion-curricular\node_modules\karma\lib\server.js:243:26)
    at Object.onceWrapper (node:events:633:28)
    at Server.emit (node:events:531:35)
    at emitListeningNT (node:net:1983:10)
    at process.processTicksAndRejections (node:internal/process/task_queues:89:21)
Ô£ö Browser application bundle generation complete.
Ô£ö Browser application bundle generation complete.
